  912.00   Lybreak               
 1026.00   Lybeta                
 1035.00   OVI                   
 1190.42   SiII                  
 1193.28   SiII                  
 1199.90   NI                    
 1206.51   SiIII                 
 1216.00   Lyalpha               
 1238.81   NV                    
 1242.80   NV                    
 1250.59   SII                   
 1253.81   SII                   
 1255.00   FeV                   
 1259.52   SiII                  
 1260.42   SiII                  
 1302.08   OI                    
 1304.40   SiII                  
 1334.53   CII                   
 1335.70   CII*                   
 1371.00   OV                    
 1393.76   SiIV                  
 1402.77   SiIV                  
 1406.00   O[IV]                 
 1428.00   CIII                  
 1486.00   NIV]                  
 1526.72   SiII                  
 1548.20   CIV                   
 1550.77   CIV                   
 1608.45   FeII                  
 1640.00   HeII                  
 1670.91   AlII                  
 1719.00   NIV                   
 1854.72   AlIII                 
 1862.78   AlIII                 
 1907.00   CIII]                 
 1909.00   CIII]                 
 2327.00   CII]                  
 2796.00   MgII                  
 2803.00   MgII                  
 3203.00   HeII                  
 3345.00   Ne[V]                  
 3426.00   Ne[V]                  
 3726.03   O[II]                  
 3728.80   O[II]                  
 3749.50   FeI                   
 3797.90   H10                    
 3835.40   H9                     
 3868.74   Ne[III]               
 3888.90   H8
 3889.05   Hf                     
 3933.68   CaIIK                
 3968.49   CaIIH                
 3970.07   He
 4026.00   HeI                    
 4101.74   Hd
 4226.70   CaI                    
 4304.40   Gband                
 4340.47   Hgamma                 
 4363.21   O[III]                
 4383.55   FeI                   
 4455.00   CaI                   
 4668.00   FeI                   
 4686.00   HeII                   
 4725.00   Ne[IV]                 
 4861.34   Hb                     
 4958.91   O[III]                
 5006.84   O[III]                
 5167.30   MgI  		 
 5172.70   MgI  		 
 5183.60   MgI  		 
 5208.00   MgH  		 
 5269.00   CaI
 5270.28   FeI  		 
 5331.50   FeI  		 
 5401.40   FeI  		 
 5411.00   HeII 		  
 5875.65   HeI  		 
 5889.98   NaI  		 
 5892.50   NaI  		 
 5895.94   NaI  		 
 6300.30   O[I] 		  
 6311.00   S[III]
 6363.00   O[I] 		  
 6548.10   N[II]		 
 6562.82   Ha			  
 6583.60   N[II]		  
 6678.0    HeI
 6717.10   S[II]		 
 6731.30   S[II]		 
 7065.00   HI
 7135.00   Ar[III]                
 7319.0    O[II]
 8237.00   HeII                   
 9069.00   S[III]		  
 9545.00   S[III]		  
10120.00   HeII
